// Jest Snapshot v1, https://goo.gl/fbAQLP

exports[`App should render username and password input fields 1`] = `
<form
  onSubmit={[Function]}
>
  <label
    htmlFor="username"
  >
    Username:
  </label>
  <input
    id="username"
    onChange={[Function]}
    type="text"
    value=""
  />
  <label
    htmlFor="password"
  >
    Password:
  </label>
  <input
    id="password"
    onChange={[Function]}
    type="password"
    value=""
  />
  <button
    type="submit"
  >
    Login
  </button>
</form>
`;

exports[`renders learn react link 1`] = `
<div
  className="App"
>
  Learn React
</div>
`;
